FAIL synthetic circle_cw: tests.lua:10: module 'recognizer' not found:
	no field package.preload['recognizer']
	no file './recognizer.lua'
	no file '/usr/local/share/lua/5.5/recognizer.lua'
	no file '/usr/local/share/lua/5.5/recognizer/init.lua'
	no file '/usr/share/lua/5.5/recognizer.lua'
	no file '/usr/share/lua/5.5/recognizer/init.lua'
	no file '/usr/local/lib/lua/5.5/recognizer.lua'
	no file '/usr/local/lib/lua/5.5/recognizer/init.lua'
	no file '/usr/lib/lua/5.5/recognizer.lua'
	no file '/usr/lib/lua/5.5/recognizer/init.lua'
	no file './recognizer.lua'
	no file './recognizer/init.lua'
	no file '/usr/local/lib/lua/5.5/recognizer.so'
	no file '/usr/lib/lua/5.5/recognizer.so'
	no file '/usr/local/lib/lua/5.5/loadall.so'
	no file '/usr/lib/lua/5.5/loadall.so'
	no file './recognizer.so'
FAIL translation / scale circle_cw: tests.lua:10: module 'recognizer' not found:
	no field package.preload['recognizer']
	no file './recognizer.lua'
	no file '/usr/local/share/lua/5.5/recognizer.lua'
	no file '/usr/local/share/lua/5.5/recognizer/init.lua'
	no file '/usr/share/lua/5.5/recognizer.lua'
	no file '/usr/share/lua/5.5/recognizer/init.lua'
	no file '/usr/local/lib/lua/5.5/recognizer.lua'
	no file '/usr/local/lib/lua/5.5/recognizer/init.lua'
	no file '/usr/lib/lua/5.5/recognizer.lua'
	no file '/usr/lib/lua/5.5/recognizer/init.lua'
	no file './recognizer.lua'
	no file './recognizer/init.lua'
	no file '/usr/local/lib/lua/5.5/recognizer.so'
	no file '/usr/lib/lua/5.5/recognizer.so'
	no file '/usr/local/lib/lua/5.5/loadall.so'
	no file '/usr/lib/lua/5.5/loadall.so'
	no file './recognizer.so'
FAIL varied sampling and phase circle_cw: tests.lua:10: module 'recognizer' not found:
	no field package.preload['recognizer']
	no file './recognizer.lua'
	no file '/usr/local/share/lua/5.5/recognizer.lua'
	no file '/usr/local/share/lua/5.5/recognizer/init.lua'
	no file '/usr/share/lua/5.5/recognizer.lua'
	no file '/usr/share/lua/5.5/recognizer/init.lua'
	no file '/usr/local/lib/lua/5.5/recognizer.lua'
	no file '/usr/local/lib/lua/5.5/recognizer/init.lua'
	no file '/usr/lib/lua/5.5/recognizer.lua'
	no file '/usr/lib/lua/5.5/recognizer/init.lua'
	no file './recognizer.lua'
	no file './recognizer/init.lua'
	no file '/usr/local/lib/lua/5.5/recognizer.so'
	no file '/usr/lib/lua/5.5/recognizer.so'
	no file '/usr/local/lib/lua/5.5/loadall.so'
	no file '/usr/lib/lua/5.5/loadall.so'
	no file './recognizer.so'
FAIL bounded synthetic noise circle_cw: tests.lua:10: module 'recognizer' not found:
	no field package.preload['recognizer']
	no file './recognizer.lua'
	no file '/usr/local/share/lua/5.5/recognizer.lua'
	no file '/usr/local/share/lua/5.5/recognizer/init.lua'
	no file '/usr/share/lua/5.5/recognizer.lua'
	no file '/usr/share/lua/5.5/recognizer/init.lua'
	no file '/usr/local/lib/lua/5.5/recognizer.lua'
	no file '/usr/local/lib/lua/5.5/recognizer/init.lua'
	no file '/usr/lib/lua/5.5/recognizer.lua'
	no file '/usr/lib/lua/5.5/recognizer/init.lua'
	no file './recognizer.lua'
	no file './recognizer/init.lua'
	no file '/usr/local/lib/lua/5.5/recognizer.so'
	no file '/usr/lib/lua/5.5/recognizer.so'
	no file '/usr/local/lib/lua/5.5/loadall.so'
	no file '/usr/lib/lua/5.5/loadall.so'
	no file './recognizer.so'
FAIL synthetic circle_ccw: tests.lua:10: module 'recognizer' not found:
	no field package.preload['recognizer']
	no file './recognizer.lua'
	no file '/usr/local/share/lua/5.5/recognizer.lua'
	no file '/usr/local/share/lua/5.5/recognizer/init.lua'
	no file '/usr/share/lua/5.5/recognizer.lua'
	no file '/usr/share/lua/5.5/recognizer/init.lua'
	no file '/usr/local/lib/lua/5.5/recognizer.lua'
	no file '/usr/local/lib/lua/5.5/recognizer/init.lua'
	no file '/usr/lib/lua/5.5/recognizer.lua'
	no file '/usr/lib/lua/5.5/recognizer/init.lua'
	no file './recognizer.lua'
	no file './recognizer/init.lua'
	no file '/usr/local/lib/lua/5.5/recognizer.so'
	no file '/usr/lib/lua/5.5/recognizer.so'
	no file '/usr/local/lib/lua/5.5/loadall.so'
	no file '/usr/lib/lua/5.5/loadall.so'
	no file './recognizer.so'
FAIL translation / scale circle_ccw: tests.lua:10: module 'recognizer' not found:
	no field package.preload['recognizer']
	no file './recognizer.lua'
	no file '/usr/local/share/lua/5.5/recognizer.lua'
	no file '/usr/local/share/lua/5.5/recognizer/init.lua'
	no file '/usr/share/lua/5.5/recognizer.lua'
	no file '/usr/share/lua/5.5/recognizer/init.lua'
	no file '/usr/local/lib/lua/5.5/recognizer.lua'
	no file '/usr/local/lib/lua/5.5/recognizer/init.lua'
	no file '/usr/lib/lua/5.5/recognizer.lua'
	no file '/usr/lib/lua/5.5/recognizer/init.lua'
	no file './recognizer.lua'
	no file './recognizer/init.lua'
	no file '/usr/local/lib/lua/5.5/recognizer.so'
	no file '/usr/lib/lua/5.5/recognizer.so'
	no file '/usr/local/lib/lua/5.5/loadall.so'
	no file '/usr/lib/lua/5.5/loadall.so'
	no file './recognizer.so'
FAIL varied sampling and phase circle_ccw: tests.lua:10: module 'recognizer' not found:
	no field package.preload['recognizer']
	no file './recognizer.lua'
	no file '/usr/local/share/lua/5.5/recognizer.lua'
	no file '/usr/local/share/lua/5.5/recognizer/init.lua'
	no file '/usr/share/lua/5.5/recognizer.lua'
	no file '/usr/share/lua/5.5/recognizer/init.lua'
	no file '/usr/local/lib/lua/5.5/recognizer.lua'
	no file '/usr/local/lib/lua/5.5/recognizer/init.lua'
	no file '/usr/lib/lua/5.5/recognizer.lua'
	no file '/usr/lib/lua/5.5/recognizer/init.lua'
	no file './recognizer.lua'
	no file './recognizer/init.lua'
	no file '/usr/local/lib/lua/5.5/recognizer.so'
	no file '/usr/lib/lua/5.5/recognizer.so'
	no file '/usr/local/lib/lua/5.5/loadall.so'
	no file '/usr/lib/lua/5.5/loadall.so'
	no file './recognizer.so'
FAIL bounded synthetic noise circle_ccw: tests.lua:10: module 'recognizer' not found:
	no field package.preload['recognizer']
	no file './recognizer.lua'
	no file '/usr/local/share/lua/5.5/recognizer.lua'
	no file '/usr/local/share/lua/5.5/recognizer/init.lua'
	no file '/usr/share/lua/5.5/recognizer.lua'
	no file '/usr/share/lua/5.5/recognizer/init.lua'
	no file '/usr/local/lib/lua/5.5/recognizer.lua'
	no file '/usr/local/lib/lua/5.5/recognizer/init.lua'
	no file '/usr/lib/lua/5.5/recognizer.lua'
	no file '/usr/lib/lua/5.5/recognizer/init.lua'
	no file './recognizer.lua'
	no file './recognizer/init.lua'
	no file '/usr/local/lib/lua/5.5/recognizer.so'
	no file '/usr/lib/lua/5.5/recognizer.so'
	no file '/usr/local/lib/lua/5.5/loadall.so'
	no file '/usr/lib/lua/5.5/loadall.so'
	no file './recognizer.so'
FAIL reject synthetic square: tests.lua:10: module 'recognizer' not found:
	no field package.preload['recognizer']
	no file './recognizer.lua'
	no file '/usr/local/share/lua/5.5/recognizer.lua'
	no file '/usr/local/share/lua/5.5/recognizer/init.lua'
	no file '/usr/share/lua/5.5/recognizer.lua'
	no file '/usr/share/lua/5.5/recognizer/init.lua'
	no file '/usr/local/lib/lua/5.5/recognizer.lua'
	no file '/usr/local/lib/lua/5.5/recognizer/init.lua'
	no file '/usr/lib/lua/5.5/recognizer.lua'
	no file '/usr/lib/lua/5.5/recognizer/init.lua'
	no file './recognizer.lua'
	no file './recognizer/init.lua'
	no file '/usr/local/lib/lua/5.5/recognizer.so'
	no file '/usr/lib/lua/5.5/recognizer.so'
	no file '/usr/local/lib/lua/5.5/loadall.so'
	no file '/usr/lib/lua/5.5/loadall.so'
	no file './recognizer.so'
FAIL reject synthetic near_partial: tests.lua:10: module 'recognizer' not found:
	no field package.preload['recognizer']
	no file './recognizer.lua'
	no file '/usr/local/share/lua/5.5/recognizer.lua'
	no file '/usr/local/share/lua/5.5/recognizer/init.lua'
	no file '/usr/share/lua/5.5/recognizer.lua'
	no file '/usr/share/lua/5.5/recognizer/init.lua'
	no file '/usr/local/lib/lua/5.5/recognizer.lua'
	no file '/usr/local/lib/lua/5.5/recognizer/init.lua'
	no file '/usr/lib/lua/5.5/recognizer.lua'
	no file '/usr/lib/lua/5.5/recognizer/init.lua'
	no file './recognizer.lua'
	no file './recognizer/init.lua'
	no file '/usr/local/lib/lua/5.5/recognizer.so'
	no file '/usr/lib/lua/5.5/recognizer.so'
	no file '/usr/local/lib/lua/5.5/loadall.so'
	no file '/usr/lib/lua/5.5/loadall.so'
	no file './recognizer.so'
FAIL reject synthetic jitter: tests.lua:10: module 'recognizer' not found:
	no field package.preload['recognizer']
	no file './recognizer.lua'
	no file '/usr/local/share/lua/5.5/recognizer.lua'
	no file '/usr/local/share/lua/5.5/recognizer/init.lua'
	no file '/usr/share/lua/5.5/recognizer.lua'
	no file '/usr/share/lua/5.5/recognizer/init.lua'
	no file '/usr/local/lib/lua/5.5/recognizer.lua'
	no file '/usr/local/lib/lua/5.5/recognizer/init.lua'
	no file '/usr/lib/lua/5.5/recognizer.lua'
	no file '/usr/lib/lua/5.5/recognizer/init.lua'
	no file './recognizer.lua'
	no file './recognizer/init.lua'
	no file '/usr/local/lib/lua/5.5/recognizer.so'
	no file '/usr/lib/lua/5.5/recognizer.so'
	no file '/usr/local/lib/lua/5.5/loadall.so'
	no file '/usr/lib/lua/5.5/loadall.so'
	no file './recognizer.so'
FAIL reject synthetic short: tests.lua:10: module 'recognizer' not found:
	no field package.preload['recognizer']
	no file './recognizer.lua'
	no file '/usr/local/share/lua/5.5/recognizer.lua'
	no file '/usr/local/share/lua/5.5/recognizer/init.lua'
	no file '/usr/share/lua/5.5/recognizer.lua'
	no file '/usr/share/lua/5.5/recognizer/init.lua'
	no file '/usr/local/lib/lua/5.5/recognizer.lua'
	no file '/usr/local/lib/lua/5.5/recognizer/init.lua'
	no file '/usr/lib/lua/5.5/recognizer.lua'
	no file '/usr/lib/lua/5.5/recognizer/init.lua'
	no file './recognizer.lua'
	no file './recognizer/init.lua'
	no file '/usr/local/lib/lua/5.5/recognizer.so'
	no file '/usr/lib/lua/5.5/recognizer.so'
	no file '/usr/local/lib/lua/5.5/loadall.so'
	no file '/usr/lib/lua/5.5/loadall.so'
	no file './recognizer.so'
FAIL reject synthetic partial: tests.lua:10: module 'recognizer' not found:
	no field package.preload['recognizer']
	no file './recognizer.lua'
	no file '/usr/local/share/lua/5.5/recognizer.lua'
	no file '/usr/local/share/lua/5.5/recognizer/init.lua'
	no file '/usr/share/lua/5.5/recognizer.lua'
	no file '/usr/share/lua/5.5/recognizer/init.lua'
	no file '/usr/local/lib/lua/5.5/recognizer.lua'
	no file '/usr/local/lib/lua/5.5/recognizer/init.lua'
	no file '/usr/lib/lua/5.5/recognizer.lua'
	no file '/usr/lib/lua/5.5/recognizer/init.lua'
	no file './recognizer.lua'
	no file './recognizer/init.lua'
	no file '/usr/local/lib/lua/5.5/recognizer.so'
	no file '/usr/lib/lua/5.5/recognizer.so'
	no file '/usr/local/lib/lua/5.5/loadall.so'
	no file '/usr/lib/lua/5.5/loadall.so'
	no file './recognizer.so'
FAIL reject synthetic excess_noise: tests.lua:10: module 'recognizer' not found:
	no field package.preload['recognizer']
	no file './recognizer.lua'
	no file '/usr/local/share/lua/5.5/recognizer.lua'
	no file '/usr/local/share/lua/5.5/recognizer/init.lua'
	no file '/usr/share/lua/5.5/recognizer.lua'
	no file '/usr/share/lua/5.5/recognizer/init.lua'
	no file '/usr/local/lib/lua/5.5/recognizer.lua'
	no file '/usr/local/lib/lua/5.5/recognizer/init.lua'
	no file '/usr/lib/lua/5.5/recognizer.lua'
	no file '/usr/lib/lua/5.5/recognizer/init.lua'
	no file './recognizer.lua'
	no file './recognizer/init.lua'
	no file '/usr/local/lib/lua/5.5/recognizer.so'
	no file '/usr/lib/lua/5.5/recognizer.so'
	no file '/usr/local/lib/lua/5.5/loadall.so'
	no file '/usr/lib/lua/5.5/loadall.so'
	no file './recognizer.so'
FAIL reject synthetic outback: tests.lua:10: module 'recognizer' not found:
	no field package.preload['recognizer']
	no file './recognizer.lua'
	no file '/usr/local/share/lua/5.5/recognizer.lua'
	no file '/usr/local/share/lua/5.5/recognizer/init.lua'
	no file '/usr/share/lua/5.5/recognizer.lua'
	no file '/usr/share/lua/5.5/recognizer/init.lua'
	no file '/usr/local/lib/lua/5.5/recognizer.lua'
	no file '/usr/local/lib/lua/5.5/recognizer/init.lua'
	no file '/usr/lib/lua/5.5/recognizer.lua'
	no file '/usr/lib/lua/5.5/recognizer/init.lua'
	no file './recognizer.lua'
	no file './recognizer/init.lua'
	no file '/usr/local/lib/lua/5.5/recognizer.so'
	no file '/usr/lib/lua/5.5/recognizer.so'
	no file '/usr/local/lib/lua/5.5/loadall.so'
	no file '/usr/lib/lua/5.5/loadall.so'
	no file './recognizer.so'
FAIL reject synthetic double: tests.lua:10: module 'recognizer' not found:
	no field package.preload['recognizer']
	no file './recognizer.lua'
	no file '/usr/local/share/lua/5.5/recognizer.lua'
	no file '/usr/local/share/lua/5.5/recognizer/init.lua'
	no file '/usr/share/lua/5.5/recognizer.lua'
	no file '/usr/share/lua/5.5/recognizer/init.lua'
	no file '/usr/local/lib/lua/5.5/recognizer.lua'
	no file '/usr/local/lib/lua/5.5/recognizer/init.lua'
	no file '/usr/lib/lua/5.5/recognizer.lua'
	no file '/usr/lib/lua/5.5/recognizer/init.lua'
	no file './recognizer.lua'
	no file './recognizer/init.lua'
	no file '/usr/local/lib/lua/5.5/recognizer.so'
	no file '/usr/lib/lua/5.5/recognizer.so'
	no file '/usr/local/lib/lua/5.5/loadall.so'
	no file '/usr/lib/lua/5.5/loadall.so'
	no file './recognizer.so'
FAIL reject synthetic reversal: tests.lua:10: module 'recognizer' not found:
	no field package.preload['recognizer']
	no file './recognizer.lua'
	no file '/usr/local/share/lua/5.5/recognizer.lua'
	no file '/usr/local/share/lua/5.5/recognizer/init.lua'
	no file '/usr/share/lua/5.5/recognizer.lua'
	no file '/usr/share/lua/5.5/recognizer/init.lua'
	no file '/usr/local/lib/lua/5.5/recognizer.lua'
	no file '/usr/local/lib/lua/5.5/recognizer/init.lua'
	no file '/usr/lib/lua/5.5/recognizer.lua'
	no file '/usr/lib/lua/5.5/recognizer/init.lua'
	no file './recognizer.lua'
	no file './recognizer/init.lua'
	no file '/usr/local/lib/lua/5.5/recognizer.so'
	no file '/usr/lib/lua/5.5/recognizer.so'
	no file '/usr/local/lib/lua/5.5/loadall.so'
	no file '/usr/lib/lua/5.5/loadall.so'
	no file './recognizer.so'
FAIL reject synthetic eight: tests.lua:10: module 'recognizer' not found:
	no field package.preload['recognizer']
	no file './recognizer.lua'
	no file '/usr/local/share/lua/5.5/recognizer.lua'
	no file '/usr/local/share/lua/5.5/recognizer/init.lua'
	no file '/usr/share/lua/5.5/recognizer.lua'
	no file '/usr/share/lua/5.5/recognizer/init.lua'
	no file '/usr/local/lib/lua/5.5/recognizer.lua'
	no file '/usr/local/lib/lua/5.5/recognizer/init.lua'
	no file '/usr/lib/lua/5.5/recognizer.lua'
	no file '/usr/lib/lua/5.5/recognizer/init.lua'
	no file './recognizer.lua'
	no file './recognizer/init.lua'
	no file '/usr/local/lib/lua/5.5/recognizer.so'
	no file '/usr/lib/lua/5.5/recognizer.so'
	no file '/usr/local/lib/lua/5.5/loadall.so'
	no file '/usr/lib/lua/5.5/loadall.so'
	no file './recognizer.so'
FAIL reject synthetic ellipse: tests.lua:10: module 'recognizer' not found:
	no field package.preload['recognizer']
	no file './recognizer.lua'
	no file '/usr/local/share/lua/5.5/recognizer.lua'
	no file '/usr/local/share/lua/5.5/recognizer/init.lua'
	no file '/usr/share/lua/5.5/recognizer.lua'
	no file '/usr/share/lua/5.5/recognizer/init.lua'
	no file '/usr/local/lib/lua/5.5/recognizer.lua'
	no file '/usr/local/lib/lua/5.5/recognizer/init.lua'
	no file '/usr/lib/lua/5.5/recognizer.lua'
	no file '/usr/lib/lua/5.5/recognizer/init.lua'
	no file './recognizer.lua'
	no file './recognizer/init.lua'
	no file '/usr/local/lib/lua/5.5/recognizer.so'
	no file '/usr/lib/lua/5.5/recognizer.so'
	no file '/usr/local/lib/lua/5.5/loadall.so'
	no file '/usr/lib/lua/5.5/loadall.so'
	no file './recognizer.so'
FAIL reject synthetic straight: tests.lua:10: module 'recognizer' not found:
	no field package.preload['recognizer']
	no file './recognizer.lua'
	no file '/usr/local/share/lua/5.5/recognizer.lua'
	no file '/usr/local/share/lua/5.5/recognizer/init.lua'
	no file '/usr/share/lua/5.5/recognizer.lua'
	no file '/usr/share/lua/5.5/recognizer/init.lua'
	no file '/usr/local/lib/lua/5.5/recognizer.lua'
	no file '/usr/local/lib/lua/5.5/recognizer/init.lua'
	no file '/usr/lib/lua/5.5/recognizer.lua'
	no file '/usr/lib/lua/5.5/recognizer/init.lua'
	no file './recognizer.lua'
	no file './recognizer/init.lua'
	no file '/usr/local/lib/lua/5.5/recognizer.so'
	no file '/usr/lib/lua/5.5/recognizer.so'
	no file '/usr/local/lib/lua/5.5/loadall.so'
	no file '/usr/lib/lua/5.5/loadall.so'
	no file './recognizer.so'
FAIL malformed inputs bounded / nonfinite: tests.lua:10: module 'recognizer' not found:
	no field package.preload['recognizer']
	no file './recognizer.lua'
	no file '/usr/local/share/lua/5.5/recognizer.lua'
	no file '/usr/local/share/lua/5.5/recognizer/init.lua'
	no file '/usr/share/lua/5.5/recognizer.lua'
	no file '/usr/share/lua/5.5/recognizer/init.lua'
	no file '/usr/local/lib/lua/5.5/recognizer.lua'
	no file '/usr/local/lib/lua/5.5/recognizer/init.lua'
	no file '/usr/lib/lua/5.5/recognizer.lua'
	no file '/usr/lib/lua/5.5/recognizer/init.lua'
	no file './recognizer.lua'
	no file './recognizer/init.lua'
	no file '/usr/local/lib/lua/5.5/recognizer.so'
	no file '/usr/lib/lua/5.5/recognizer.so'
	no file '/usr/local/lib/lua/5.5/loadall.so'
	no file '/usr/lib/lua/5.5/loadall.so'
	no file './recognizer.so'
FAIL duplicate stationary samples: tests.lua:10: module 'recognizer' not found:
	no field package.preload['recognizer']
	no file './recognizer.lua'
	no file '/usr/local/share/lua/5.5/recognizer.lua'
	no file '/usr/local/share/lua/5.5/recognizer/init.lua'
	no file '/usr/share/lua/5.5/recognizer.lua'
	no file '/usr/share/lua/5.5/recognizer/init.lua'
	no file '/usr/local/lib/lua/5.5/recognizer.lua'
	no file '/usr/local/lib/lua/5.5/recognizer/init.lua'
	no file '/usr/lib/lua/5.5/recognizer.lua'
	no file '/usr/lib/lua/5.5/recognizer/init.lua'
	no file './recognizer.lua'
	no file './recognizer/init.lua'
	no file '/usr/local/lib/lua/5.5/recognizer.so'
	no file '/usr/lib/lua/5.5/recognizer.so'
	no file '/usr/local/lib/lua/5.5/loadall.so'
	no file '/usr/lib/lua/5.5/loadall.so'
	no file './recognizer.so'
FAIL collector does not double start delta; finish has no fingers: tests.lua:32: module 'collector' not found:
	no field package.preload['collector']
	no file './collector.lua'
	no file '/usr/local/share/lua/5.5/collector.lua'
	no file '/usr/local/share/lua/5.5/collector/init.lua'
	no file '/usr/share/lua/5.5/collector.lua'
	no file '/usr/share/lua/5.5/collector/init.lua'
	no file '/usr/local/lib/lua/5.5/collector.lua'
	no file '/usr/local/lib/lua/5.5/collector/init.lua'
	no file '/usr/lib/lua/5.5/collector.lua'
	no file '/usr/lib/lua/5.5/collector/init.lua'
	no file './collector.lua'
	no file './collector/init.lua'
	no file '/usr/local/lib/lua/5.5/collector.so'
	no file '/usr/lib/lua/5.5/collector.so'
	no file '/usr/local/lib/lua/5.5/loadall.so'
	no file '/usr/lib/lua/5.5/loadall.so'
	no file './collector.so'
FAIL collector exact first update: tests.lua:41: module 'collector' not found:
	no field package.preload['collector']
	no file './collector.lua'
	no file '/usr/local/share/lua/5.5/collector.lua'
	no file '/usr/local/share/lua/5.5/collector/init.lua'
	no file '/usr/share/lua/5.5/collector.lua'
	no file '/usr/share/lua/5.5/collector/init.lua'
	no file '/usr/local/lib/lua/5.5/collector.lua'
	no file '/usr/local/lib/lua/5.5/collector/init.lua'
	no file '/usr/lib/lua/5.5/collector.lua'
	no file '/usr/lib/lua/5.5/collector/init.lua'
	no file './collector.lua'
	no file './collector/init.lua'
	no file '/usr/local/lib/lua/5.5/collector.so'
	no file '/usr/lib/lua/5.5/collector.so'
	no file '/usr/local/lib/lua/5.5/loadall.so'
	no file '/usr/lib/lua/5.5/loadall.so'
	no file './collector.so'
FAIL collector cancellation nonfinite: tests.lua:32: module 'collector' not found:
	no field package.preload['collector']
	no file './collector.lua'
	no file '/usr/local/share/lua/5.5/collector.lua'
	no file '/usr/local/share/lua/5.5/collector/init.lua'
	no file '/usr/share/lua/5.5/collector.lua'
	no file '/usr/share/lua/5.5/collector/init.lua'
	no file '/usr/local/lib/lua/5.5/collector.lua'
	no file '/usr/local/lib/lua/5.5/collector/init.lua'
	no file '/usr/lib/lua/5.5/collector.lua'
	no file '/usr/lib/lua/5.5/collector/init.lua'
	no file './collector.lua'
	no file './collector/init.lua'
	no file '/usr/local/lib/lua/5.5/collector.so'
	no file '/usr/lib/lua/5.5/collector.so'
	no file '/usr/local/lib/lua/5.5/loadall.so'
	no file '/usr/lib/lua/5.5/loadall.so'
	no file './collector.so'
FAIL collector cancellation fingers: tests.lua:32: module 'collector' not found:
	no field package.preload['collector']
	no file './collector.lua'
	no file '/usr/local/share/lua/5.5/collector.lua'
	no file '/usr/local/share/lua/5.5/collector/init.lua'
	no file '/usr/share/lua/5.5/collector.lua'
	no file '/usr/share/lua/5.5/collector/init.lua'
	no file '/usr/local/lib/lua/5.5/collector.lua'
	no file '/usr/local/lib/lua/5.5/collector/init.lua'
	no file '/usr/lib/lua/5.5/collector.lua'
	no file '/usr/lib/lua/5.5/collector/init.lua'
	no file './collector.lua'
	no file './collector/init.lua'
	no file '/usr/local/lib/lua/5.5/collector.so'
	no file '/usr/lib/lua/5.5/collector.so'
	no file '/usr/local/lib/lua/5.5/loadall.so'
	no file '/usr/lib/lua/5.5/loadall.so'
	no file './collector.so'
FAIL collector cancellation cancelled: tests.lua:32: module 'collector' not found:
	no field package.preload['collector']
	no file './collector.lua'
	no file '/usr/local/share/lua/5.5/collector.lua'
	no file '/usr/local/share/lua/5.5/collector/init.lua'
	no file '/usr/share/lua/5.5/collector.lua'
	no file '/usr/share/lua/5.5/collector/init.lua'
	no file '/usr/local/lib/lua/5.5/collector.lua'
	no file '/usr/local/lib/lua/5.5/collector/init.lua'
	no file '/usr/lib/lua/5.5/collector.lua'
	no file '/usr/lib/lua/5.5/collector/init.lua'
	no file './collector.lua'
	no file './collector/init.lua'
	no file '/usr/local/lib/lua/5.5/collector.so'
	no file '/usr/lib/lua/5.5/collector.so'
	no file '/usr/local/lib/lua/5.5/loadall.so'
	no file '/usr/lib/lua/5.5/loadall.so'
	no file './collector.so'
FAIL collector cancellation pinch: tests.lua:32: module 'collector' not found:
	no field package.preload['collector']
	no file './collector.lua'
	no file '/usr/local/share/lua/5.5/collector.lua'
	no file '/usr/local/share/lua/5.5/collector/init.lua'
	no file '/usr/share/lua/5.5/collector.lua'
	no file '/usr/share/lua/5.5/collector/init.lua'
	no file '/usr/local/lib/lua/5.5/collector.lua'
	no file '/usr/local/lib/lua/5.5/collector/init.lua'
	no file '/usr/lib/lua/5.5/collector.lua'
	no file '/usr/lib/lua/5.5/collector/init.lua'
	no file './collector.lua'
	no file './collector/init.lua'
	no file '/usr/local/lib/lua/5.5/collector.so'
	no file '/usr/lib/lua/5.5/collector.so'
	no file '/usr/local/lib/lua/5.5/loadall.so'
	no file '/usr/lib/lua/5.5/loadall.so'
	no file './collector.so'
FAIL collector cancellation explicit: tests.lua:32: module 'collector' not found:
	no field package.preload['collector']
	no file './collector.lua'
	no file '/usr/local/share/lua/5.5/collector.lua'
	no file '/usr/local/share/lua/5.5/collector/init.lua'
	no file '/usr/share/lua/5.5/collector.lua'
	no file '/usr/share/lua/5.5/collector/init.lua'
	no file '/usr/local/lib/lua/5.5/collector.lua'
	no file '/usr/local/lib/lua/5.5/collector/init.lua'
	no file '/usr/lib/lua/5.5/collector.lua'
	no file '/usr/lib/lua/5.5/collector/init.lua'
	no file './collector.lua'
	no file './collector/init.lua'
	no file '/usr/local/lib/lua/5.5/collector.so'
	no file '/usr/lib/lua/5.5/collector.so'
	no file '/usr/local/lib/lua/5.5/loadall.so'
	no file '/usr/lib/lua/5.5/loadall.so'
	no file './collector.so'
FAIL collector update bound: tests.lua:48: module 'collector' not found:
	no field package.preload['collector']
	no file './collector.lua'
	no file '/usr/local/share/lua/5.5/collector.lua'
	no file '/usr/local/share/lua/5.5/collector/init.lua'
	no file '/usr/share/lua/5.5/collector.lua'
	no file '/usr/share/lua/5.5/collector/init.lua'
	no file '/usr/local/lib/lua/5.5/collector.lua'
	no file '/usr/local/lib/lua/5.5/collector/init.lua'
	no file '/usr/lib/lua/5.5/collector.lua'
	no file '/usr/lib/lua/5.5/collector/init.lua'
	no file './collector.lua'
	no file './collector/init.lua'
	no file '/usr/local/lib/lua/5.5/collector.so'
	no file '/usr/lib/lua/5.5/collector.so'
	no file '/usr/local/lib/lua/5.5/loadall.so'
	no file '/usr/lib/lua/5.5/loadall.so'
	no file './collector.so'
FAIL adapter opt-in / exact tuple / idempotence / subscriptions: tests.lua:69: module 'adapter' not found:
	no field package.preload['adapter']
	no file './adapter.lua'
	no file '/usr/local/share/lua/5.5/adapter.lua'
	no file '/usr/local/share/lua/5.5/adapter/init.lua'
	no file '/usr/share/lua/5.5/adapter.lua'
	no file '/usr/share/lua/5.5/adapter/init.lua'
	no file '/usr/local/lib/lua/5.5/adapter.lua'
	no file '/usr/local/lib/lua/5.5/adapter/init.lua'
	no file '/usr/lib/lua/5.5/adapter.lua'
	no file '/usr/lib/lua/5.5/adapter/init.lua'
	no file './adapter.lua'
	no file './adapter/init.lua'
	no file '/usr/local/lib/lua/5.5/adapter.so'
	no file '/usr/lib/lua/5.5/adapter.so'
	no file '/usr/local/lib/lua/5.5/loadall.so'
	no file '/usr/lib/lua/5.5/loadall.so'
	no file './adapter.so'
FAIL adapter guard workspace_fullscreen: tests.lua:69: module 'adapter' not found:
	no field package.preload['adapter']
	no file './adapter.lua'
	no file '/usr/local/share/lua/5.5/adapter.lua'
	no file '/usr/local/share/lua/5.5/adapter/init.lua'
	no file '/usr/share/lua/5.5/adapter.lua'
	no file '/usr/share/lua/5.5/adapter/init.lua'
	no file '/usr/local/lib/lua/5.5/adapter.lua'
	no file '/usr/local/lib/lua/5.5/adapter/init.lua'
	no file '/usr/lib/lua/5.5/adapter.lua'
	no file '/usr/lib/lua/5.5/adapter/init.lua'
	no file './adapter.lua'
	no file './adapter/init.lua'
	no file '/usr/local/lib/lua/5.5/adapter.so'
	no file '/usr/lib/lua/5.5/adapter.so'
	no file '/usr/local/lib/lua/5.5/loadall.so'
	no file '/usr/lib/lua/5.5/loadall.so'
	no file './adapter.so'
FAIL adapter guard submap: tests.lua:69: module 'adapter' not found:
	no field package.preload['adapter']
	no file './adapter.lua'
	no file '/usr/local/share/lua/5.5/adapter.lua'
	no file '/usr/local/share/lua/5.5/adapter/init.lua'
	no file '/usr/share/lua/5.5/adapter.lua'
	no file '/usr/share/lua/5.5/adapter/init.lua'
	no file '/usr/local/lib/lua/5.5/adapter.lua'
	no file '/usr/local/lib/lua/5.5/adapter/init.lua'
	no file '/usr/lib/lua/5.5/adapter.lua'
	no file '/usr/lib/lua/5.5/adapter/init.lua'
	no file './adapter.lua'
	no file './adapter/init.lua'
	no file '/usr/local/lib/lua/5.5/adapter.so'
	no file '/usr/lib/lua/5.5/adapter.so'
	no file '/usr/local/lib/lua/5.5/loadall.so'
	no file '/usr/lib/lua/5.5/loadall.so'
	no file './adapter.so'
FAIL adapter guard fullscreen: tests.lua:69: module 'adapter' not found:
	no field package.preload['adapter']
	no file './adapter.lua'
	no file '/usr/local/share/lua/5.5/adapter.lua'
	no file '/usr/local/share/lua/5.5/adapter/init.lua'
	no file '/usr/share/lua/5.5/adapter.lua'
	no file '/usr/share/lua/5.5/adapter/init.lua'
	no file '/usr/local/lib/lua/5.5/adapter.lua'
	no file '/usr/local/lib/lua/5.5/adapter/init.lua'
	no file '/usr/lib/lua/5.5/adapter.lua'
	no file '/usr/lib/lua/5.5/adapter/init.lua'
	no file './adapter.lua'
	no file './adapter/init.lua'
	no file '/usr/local/lib/lua/5.5/adapter.so'
	no file '/usr/lib/lua/5.5/adapter.so'
	no file '/usr/local/lib/lua/5.5/loadall.so'
	no file '/usr/lib/lua/5.5/loadall.so'
	no file './adapter.so'
FAIL adapter guard inhibit_override: tests.lua:69: module 'adapter' not found:
	no field package.preload['adapter']
	no file './adapter.lua'
	no file '/usr/local/share/lua/5.5/adapter.lua'
	no file '/usr/local/share/lua/5.5/adapter/init.lua'
	no file '/usr/share/lua/5.5/adapter.lua'
	no file '/usr/share/lua/5.5/adapter/init.lua'
	no file '/usr/local/lib/lua/5.5/adapter.lua'
	no file '/usr/local/lib/lua/5.5/adapter/init.lua'
	no file '/usr/lib/lua/5.5/adapter.lua'
	no file '/usr/lib/lua/5.5/adapter/init.lua'
	no file './adapter.lua'
	no file './adapter/init.lua'
	no file '/usr/local/lib/lua/5.5/adapter.so'
	no file '/usr/lib/lua/5.5/adapter.so'
	no file '/usr/local/lib/lua/5.5/loadall.so'
	no file '/usr/lib/lua/5.5/loadall.so'
	no file './adapter.so'
FAIL adapter guard special: tests.lua:69: module 'adapter' not found:
	no field package.preload['adapter']
	no file './adapter.lua'
	no file '/usr/local/share/lua/5.5/adapter.lua'
	no file '/usr/local/share/lua/5.5/adapter/init.lua'
	no file '/usr/share/lua/5.5/adapter.lua'
	no file '/usr/share/lua/5.5/adapter/init.lua'
	no file '/usr/local/lib/lua/5.5/adapter.lua'
	no file '/usr/local/lib/lua/5.5/adapter/init.lua'
	no file '/usr/lib/lua/5.5/adapter.lua'
	no file '/usr/lib/lua/5.5/adapter/init.lua'
	no file './adapter.lua'
	no file './adapter/init.lua'
	no file '/usr/local/lib/lua/5.5/adapter.so'
	no file '/usr/lib/lua/5.5/adapter.so'
	no file '/usr/local/lib/lua/5.5/loadall.so'
	no file '/usr/lib/lua/5.5/loadall.so'
	no file './adapter.so'
FAIL adapter guard layer: tests.lua:69: module 'adapter' not found:
	no field package.preload['adapter']
	no file './adapter.lua'
	no file '/usr/local/share/lua/5.5/adapter.lua'
	no file '/usr/local/share/lua/5.5/adapter/init.lua'
	no file '/usr/share/lua/5.5/adapter.lua'
	no file '/usr/share/lua/5.5/adapter/init.lua'
	no file '/usr/local/lib/lua/5.5/adapter.lua'
	no file '/usr/local/lib/lua/5.5/adapter/init.lua'
	no file '/usr/lib/lua/5.5/adapter.lua'
	no file '/usr/lib/lua/5.5/adapter/init.lua'
	no file './adapter.lua'
	no file './adapter/init.lua'
	no file '/usr/local/lib/lua/5.5/adapter.so'
	no file '/usr/lib/lua/5.5/adapter.so'
	no file '/usr/local/lib/lua/5.5/loadall.so'
	no file '/usr/lib/lua/5.5/loadall.so'
	no file './adapter.so'
FAIL adapter guard workspace: tests.lua:69: module 'adapter' not found:
	no field package.preload['adapter']
	no file './adapter.lua'
	no file '/usr/local/share/lua/5.5/adapter.lua'
	no file '/usr/local/share/lua/5.5/adapter/init.lua'
	no file '/usr/share/lua/5.5/adapter.lua'
	no file '/usr/share/lua/5.5/adapter/init.lua'
	no file '/usr/local/lib/lua/5.5/adapter.lua'
	no file '/usr/local/lib/lua/5.5/adapter/init.lua'
	no file '/usr/lib/lua/5.5/adapter.lua'
	no file '/usr/lib/lua/5.5/adapter/init.lua'
	no file './adapter.lua'
	no file './adapter/init.lua'
	no file '/usr/local/lib/lua/5.5/adapter.so'
	no file '/usr/lib/lua/5.5/adapter.so'
	no file '/usr/local/lib/lua/5.5/loadall.so'
	no file '/usr/lib/lua/5.5/loadall.so'
	no file './adapter.so'
FAIL adapter guard modifiers: tests.lua:69: module 'adapter' not found:
	no field package.preload['adapter']
	no file './adapter.lua'
	no file '/usr/local/share/lua/5.5/adapter.lua'
	no file '/usr/local/share/lua/5.5/adapter/init.lua'
	no file '/usr/share/lua/5.5/adapter.lua'
	no file '/usr/share/lua/5.5/adapter/init.lua'
	no file '/usr/local/lib/lua/5.5/adapter.lua'
	no file '/usr/local/lib/lua/5.5/adapter/init.lua'
	no file '/usr/lib/lua/5.5/adapter.lua'
	no file '/usr/lib/lua/5.5/adapter/init.lua'
	no file './adapter.lua'
	no file './adapter/init.lua'
	no file '/usr/local/lib/lua/5.5/adapter.so'
	no file '/usr/lib/lua/5.5/adapter.so'
	no file '/usr/local/lib/lua/5.5/loadall.so'
	no file '/usr/lib/lua/5.5/loadall.so'
	no file './adapter.so'
FAIL adapter guard focus: tests.lua:69: module 'adapter' not found:
	no field package.preload['adapter']
	no file './adapter.lua'
	no file '/usr/local/share/lua/5.5/adapter.lua'
	no file '/usr/local/share/lua/5.5/adapter/init.lua'
	no file '/usr/share/lua/5.5/adapter.lua'
	no file '/usr/share/lua/5.5/adapter/init.lua'
	no file '/usr/local/lib/lua/5.5/adapter.lua'
	no file '/usr/local/lib/lua/5.5/adapter/init.lua'
	no file '/usr/lib/lua/5.5/adapter.lua'
	no file '/usr/lib/lua/5.5/adapter/init.lua'
	no file './adapter.lua'
	no file './adapter/init.lua'
	no file '/usr/local/lib/lua/5.5/adapter.so'
	no file '/usr/lib/lua/5.5/adapter.so'
	no file '/usr/local/lib/lua/5.5/loadall.so'
	no file '/usr/lib/lua/5.5/loadall.so'
	no file './adapter.so'
FAIL adapter sticky event cancel window.active: tests.lua:69: module 'adapter' not found:
	no field package.preload['adapter']
	no file './adapter.lua'
	no file '/usr/local/share/lua/5.5/adapter.lua'
	no file '/usr/local/share/lua/5.5/adapter/init.lua'
	no file '/usr/share/lua/5.5/adapter.lua'
	no file '/usr/share/lua/5.5/adapter/init.lua'
	no file '/usr/local/lib/lua/5.5/adapter.lua'
	no file '/usr/local/lib/lua/5.5/adapter/init.lua'
	no file '/usr/lib/lua/5.5/adapter.lua'
	no file '/usr/lib/lua/5.5/adapter/init.lua'
	no file './adapter.lua'
	no file './adapter/init.lua'
	no file '/usr/local/lib/lua/5.5/adapter.so'
	no file '/usr/lib/lua/5.5/adapter.so'
	no file '/usr/local/lib/lua/5.5/loadall.so'
	no file '/usr/lib/lua/5.5/loadall.so'
	no file './adapter.so'
FAIL adapter sticky event cancel workspace.active: tests.lua:69: module 'adapter' not found:
	no field package.preload['adapter']
	no file './adapter.lua'
	no file '/usr/local/share/lua/5.5/adapter.lua'
	no file '/usr/local/share/lua/5.5/adapter/init.lua'
	no file '/usr/share/lua/5.5/adapter.lua'
	no file '/usr/share/lua/5.5/adapter/init.lua'
	no file '/usr/local/lib/lua/5.5/adapter.lua'
	no file '/usr/local/lib/lua/5.5/adapter/init.lua'
	no file '/usr/lib/lua/5.5/adapter.lua'
	no file '/usr/lib/lua/5.5/adapter/init.lua'
	no file './adapter.lua'
	no file './adapter/init.lua'
	no file '/usr/local/lib/lua/5.5/adapter.so'
	no file '/usr/lib/lua/5.5/adapter.so'
	no file '/usr/local/lib/lua/5.5/loadall.so'
	no file '/usr/lib/lua/5.5/loadall.so'
	no file './adapter.so'
FAIL adapter sticky event cancel workspace.special_active: tests.lua:69: module 'adapter' not found:
	no field package.preload['adapter']
	no file './adapter.lua'
	no file '/usr/local/share/lua/5.5/adapter.lua'
	no file '/usr/local/share/lua/5.5/adapter/init.lua'
	no file '/usr/share/lua/5.5/adapter.lua'
	no file '/usr/share/lua/5.5/adapter/init.lua'
	no file '/usr/local/lib/lua/5.5/adapter.lua'
	no file '/usr/local/lib/lua/5.5/adapter/init.lua'
	no file '/usr/lib/lua/5.5/adapter.lua'
	no file '/usr/lib/lua/5.5/adapter/init.lua'
	no file './adapter.lua'
	no file './adapter/init.lua'
	no file '/usr/local/lib/lua/5.5/adapter.so'
	no file '/usr/lib/lua/5.5/adapter.so'
	no file '/usr/local/lib/lua/5.5/loadall.so'
	no file '/usr/lib/lua/5.5/loadall.so'
	no file './adapter.so'
FAIL adapter sticky event cancel keybinds.submap: tests.lua:69: module 'adapter' not found:
	no field package.preload['adapter']
	no file './adapter.lua'
	no file '/usr/local/share/lua/5.5/adapter.lua'
	no file '/usr/local/share/lua/5.5/adapter/init.lua'
	no file '/usr/share/lua/5.5/adapter.lua'
	no file '/usr/share/lua/5.5/adapter/init.lua'
	no file '/usr/local/lib/lua/5.5/adapter.lua'
	no file '/usr/local/lib/lua/5.5/adapter/init.lua'
	no file '/usr/lib/lua/5.5/adapter.lua'
	no file '/usr/lib/lua/5.5/adapter/init.lua'
	no file './adapter.lua'
	no file './adapter/init.lua'
	no file '/usr/local/lib/lua/5.5/adapter.so'
	no file '/usr/lib/lua/5.5/adapter.so'
	no file '/usr/local/lib/lua/5.5/loadall.so'
	no file '/usr/lib/lua/5.5/loadall.so'
	no file './adapter.so'
FAIL adapter sticky event cancel monitor.focused: tests.lua:69: module 'adapter' not found:
	no field package.preload['adapter']
	no file './adapter.lua'
	no file '/usr/local/share/lua/5.5/adapter.lua'
	no file '/usr/local/share/lua/5.5/adapter/init.lua'
	no file '/usr/share/lua/5.5/adapter.lua'
	no file '/usr/share/lua/5.5/adapter/init.lua'
	no file '/usr/local/lib/lua/5.5/adapter.lua'
	no file '/usr/local/lib/lua/5.5/adapter/init.lua'
	no file '/usr/lib/lua/5.5/adapter.lua'
	no file '/usr/lib/lua/5.5/adapter/init.lua'
	no file './adapter.lua'
	no file './adapter/init.lua'
	no file '/usr/local/lib/lua/5.5/adapter.so'
	no file '/usr/lib/lua/5.5/adapter.so'
	no file '/usr/local/lib/lua/5.5/loadall.so'
	no file '/usr/lib/lua/5.5/loadall.so'
	no file './adapter.so'
FAIL adapter sticky event cancel layer.opened: tests.lua:69: module 'adapter' not found:
	no field package.preload['adapter']
	no file './adapter.lua'
	no file '/usr/local/share/lua/5.5/adapter.lua'
	no file '/usr/local/share/lua/5.5/adapter/init.lua'
	no file '/usr/share/lua/5.5/adapter.lua'
	no file '/usr/share/lua/5.5/adapter/init.lua'
	no file '/usr/local/lib/lua/5.5/adapter.lua'
	no file '/usr/local/lib/lua/5.5/adapter/init.lua'
	no file '/usr/lib/lua/5.5/adapter.lua'
	no file '/usr/lib/lua/5.5/adapter/init.lua'
	no file './adapter.lua'
	no file './adapter/init.lua'
	no file '/usr/local/lib/lua/5.5/adapter.so'
	no file '/usr/lib/lua/5.5/adapter.so'
	no file '/usr/local/lib/lua/5.5/loadall.so'
	no file '/usr/lib/lua/5.5/loadall.so'
	no file './adapter.so'
FAIL adapter sticky event cancel window.fullscreen: tests.lua:69: module 'adapter' not found:
	no field package.preload['adapter']
	no file './adapter.lua'
	no file '/usr/local/share/lua/5.5/adapter.lua'
	no file '/usr/local/share/lua/5.5/adapter/init.lua'
	no file '/usr/share/lua/5.5/adapter.lua'
	no file '/usr/share/lua/5.5/adapter/init.lua'
	no file '/usr/local/lib/lua/5.5/adapter.lua'
	no file '/usr/local/lib/lua/5.5/adapter/init.lua'
	no file '/usr/lib/lua/5.5/adapter.lua'
	no file '/usr/lib/lua/5.5/adapter/init.lua'
	no file './adapter.lua'
	no file './adapter/init.lua'
	no file '/usr/local/lib/lua/5.5/adapter.so'
	no file '/usr/lib/lua/5.5/adapter.so'
	no file '/usr/local/lib/lua/5.5/loadall.so'
	no file '/usr/lib/lua/5.5/loadall.so'
	no file './adapter.so'
FAIL adapter sticky event cancel input.keyboard.key: tests.lua:69: module 'adapter' not found:
	no field package.preload['adapter']
	no file './adapter.lua'
	no file '/usr/local/share/lua/5.5/adapter.lua'
	no file '/usr/local/share/lua/5.5/adapter/init.lua'
	no file '/usr/share/lua/5.5/adapter.lua'
	no file '/usr/share/lua/5.5/adapter/init.lua'
	no file '/usr/local/lib/lua/5.5/adapter.lua'
	no file '/usr/local/lib/lua/5.5/adapter/init.lua'
	no file '/usr/lib/lua/5.5/adapter.lua'
	no file '/usr/lib/lua/5.5/adapter/init.lua'
	no file './adapter.lua'
	no file './adapter/init.lua'
	no file '/usr/local/lib/lua/5.5/adapter.so'
	no file '/usr/lib/lua/5.5/adapter.so'
	no file '/usr/local/lib/lua/5.5/loadall.so'
	no file '/usr/lib/lua/5.5/loadall.so'
	no file './adapter.so'
FAIL blocked start cannot recover during trace: tests.lua:69: module 'adapter' not found:
	no field package.preload['adapter']
	no file './adapter.lua'
	no file '/usr/local/share/lua/5.5/adapter.lua'
	no file '/usr/local/share/lua/5.5/adapter/init.lua'
	no file '/usr/share/lua/5.5/adapter.lua'
	no file '/usr/share/lua/5.5/adapter/init.lua'
	no file '/usr/local/lib/lua/5.5/adapter.lua'
	no file '/usr/local/lib/lua/5.5/adapter/init.lua'
	no file '/usr/lib/lua/5.5/adapter.lua'
	no file '/usr/lib/lua/5.5/adapter/init.lua'
	no file './adapter.lua'
	no file './adapter/init.lua'
	no file '/usr/local/lib/lua/5.5/adapter.so'
	no file '/usr/lib/lua/5.5/adapter.so'
	no file '/usr/local/lib/lua/5.5/loadall.so'
	no file '/usr/lib/lua/5.5/loadall.so'
	no file './adapter.so'
FAIL guard exception fails closed: tests.lua:69: module 'adapter' not found:
	no field package.preload['adapter']
	no file './adapter.lua'
	no file '/usr/local/share/lua/5.5/adapter.lua'
	no file '/usr/local/share/lua/5.5/adapter/init.lua'
	no file '/usr/share/lua/5.5/adapter.lua'
	no file '/usr/share/lua/5.5/adapter/init.lua'
	no file '/usr/local/lib/lua/5.5/adapter.lua'
	no file '/usr/local/lib/lua/5.5/adapter/init.lua'
	no file '/usr/lib/lua/5.5/adapter.lua'
	no file '/usr/lib/lua/5.5/adapter/init.lua'
	no file './adapter.lua'
	no file './adapter/init.lua'
	no file '/usr/local/lib/lua/5.5/adapter.so'
	no file '/usr/lib/lua/5.5/adapter.so'
	no file '/usr/local/lib/lua/5.5/loadall.so'
	no file '/usr/lib/lua/5.5/loadall.so'
	no file './adapter.so'
SYNTHETIC/MOCK: 50 tests, 0 passed, 50 failed
